{
  "hash": "0xabc123def456789012345678901234567890123456789012345678901234567890",
  "blockNumber": "18500000",
  "from": "0x1234567890123456789012345678901234567890",
  "to": "0x5678901234567890123456789012345678901234",
  "value": "1000000000000000000",
  "gasPrice": "20000000000",
  "gasUsed": "21000"
}
