{
  "ordertxid": "trade-456",
  "time": 1695547200,
  "type": "buy",
  "vol": "0.001",
  "pair": "XBTUSD",
  "price": "100000.00",
  "cost": "100.00",
  "fee": "0.50",
  "misc": ""
}
