{
  "id": "trade-456",
  "timestamp": "2023-09-24T10:00:00.000Z",
  "source": {
    "kind": "exchange",
    "venue": "kraken",
    "externalId": "trade-456",
    "importSessionId": "session-1"
  },
  "movements": [
    {
      "id": "trade-456-usd-out",
      "money": {
        "amount": "100.00",
        "currency": "USD"
      },
      "direction": "OUT",
      "sequence": 1,
      "metadata": {
        "pair": "XBTUSD",
        "type": "buy",
        "originalCost": "100.00"
      }
    },
    {
      "id": "trade-456-btc-in",
      "money": {
        "amount": "0.001",
        "currency": "BTC"
      },
      "direction": "IN",
      "sequence": 2,
      "metadata": {
        "pair": "XBTUSD",
        "type": "buy",
        "originalVol": "0.001"
      }
    },
    {
      "id": "trade-456-fee",
      "money": {
        "amount": "0.50",
        "currency": "USD"
      },
      "direction": "OUT",
      "hint": "FEE",
      "sequence": 3,
      "metadata": {
        "feeType": "trading",
        "originalFee": "0.50"
      }
    }
  ]
}
