{
  "id": "bad-trade-123",
  "timestamp": "2023-09-24T10:00:00.000Z",
  "source": {
    "kind": "exchange",
    "venue": "kraken",
    "externalId": "bad-trade-123",
    "importSessionId": "session-1"
  },
  "movements": [
    {
      "id": "bad-trade-123-usd-out",
      "money": {
        "amount": "100.00",
        "currency": "USD"
      },
      "direction": "OUT",
      "sequence": 1,
      "metadata": {
        "pair": "XBTUSD",
        "type": "buy",
        "originalCost": "100.00"
      }
    },
    {
      "id": "bad-trade-123-btc-in",
      "money": {
        "amount": "0.002",
        "currency": "BTC"
      },
      "direction": "IN",
      "sequence": 2,
      "metadata": {
        "pair": "XBTUSD",
        "type": "buy",
        "originalVol": "0.002",
        "note": "Wrong amount - should be 0.001 for balanced trade at $100k/BTC"
      }
    }
  ]
}
